agila@LAPTOP-BBVGP9J1 MINGW64 /c/My projects
$ ls
git.txt.txt  linux.txt.txt

agila@LAPTOP-BBVGP9J1 MINGW64 /c/My projects
$ git init
Initialized empty Git repository in C:/My projects/.git/

agila@LAPTOP-BBVGP9J1 MINGW64 /c/My projects (master)
$ git status
On branch master

No commits yet

Untracked files:
  (use "git add <file>..." to include in what will be committed)
        git.txt.txt
        linux.txt.txt

nothing added to commit but untracked files present (use "git add" to track)

agila@LAPTOP-BBVGP9J1 MINGW64 /c/My projects (master)
$ git add git.txt linux.txt
fatal: pathspec 'git.txt' did not match any files

agila@LAPTOP-BBVGP9J1 MINGW64 /c/My projects (master)
$ git add git.txt.txt linux.txt.txt

agila@LAPTOP-BBVGP9J1 MINGW64 /c/My projects (master)
$ git status
On branch master

No commits yet

Changes to be committed:
  (use "git rm --cached <file>..." to unstage)
        new file:   git.txt.txt
        new file:   linux.txt.txt


agila@LAPTOP-BBVGP9J1 MINGW64 /c/My projects (master)
$ git config --global user.email"agilaguru2204@gmail.com"

agila@LAPTOP-BBVGP9J1 MINGW64 /c/My projects (master)
$ git config --global user.name"agila"

agila@LAPTOP-BBVGP9J1 MINGW64 /c/My projects (master)
