agila@LAPTOP-BBVGP9J1 MINGW64 /c/My projects
$ ls
git.txt.txt  linux.txt.txt

agila@LAPTOP-BBVGP9J1 MINGW64 /c/My projects
$ git init
Initialized empty Git repository in C:/My projects/.git/

agila@LAPTOP-BBVGP9J1 MINGW64 /c/My projects (master)
$ git status
On branch master

No commits yet

Untracked files:
  (use "git add <file>..." to include in what will be committed)
        git.txt.txt
        linux.txt.txt

nothing added to commit but untracked files present (use "git add" to track)

agila@LAPTOP-BBVGP9J1 MINGW64 /c/My projects (master)
$ git add git.txt linux.txt
fatal: pathspec 'git.txt' did not match any files

agila@LAPTOP-BBVGP9J1 MINGW64 /c/My projects (master)
$ git add git.txt.txt linux.txt.txt

agila@LAPTOP-BBVGP9J1 MINGW64 /c/My projects (master)
$ git status
On branch master

No commits yet

Changes to be committed:
  (use "git rm --cached <file>..." to unstage)
        new file:   git.txt.txt
        new file:   linux.txt.txt


agila@LAPTOP-BBVGP9J1 MINGW64 /c/My projects (master)
$ git config --global user.email"agilaguru2204@gmail.com"

agila@LAPTOP-BBVGP9J1 MINGW64 /c/My projects (master)
$ git config --global user.name"agila"

agila@LAPTOP-BBVGP9J1 MINGW64 /c/My projects (master)

                            **************************************************************


agila@LAPTOP-BBVGP9J1 MINGW64 /c/My projects (master)
$ git add git.txt.txt

agila@LAPTOP-BBVGP9J1 MINGW64 /c/My projects (master)
$ git status
On branch master

No commits yet

Changes to be committed:
  (use "git rm --cached <file>..." to unstage)
        new file:   git.txt.txt
        new file:   linux.txt.txt


agila@LAPTOP-BBVGP9J1 MINGW64 /c/My projects (master)
$ git config --global user.email "agilaguru2204@gmail.com"

agila@LAPTOP-BBVGP9J1 MINGW64 /c/My projects (master)
$ git config --global user.name "agilandesvari"

agila@LAPTOP-BBVGP9J1 MINGW64 /c/My projects (master)
$ git commit -m "first commit"
[master (root-commit) 1147209] first commit
 2 files changed, 47 insertions(+)
 create mode 100644 git.txt.txt
 create mode 100644 linux.txt.txt

agila@LAPTOP-BBVGP9J1 MINGW64 /c/My projects (master)
$

agila@LAPTOP-BBVGP9J1 MINGW64 /c/My projects (master)
$ git remote add origin https://github.com/agilandesvari/my-git.git
error: remote origin already exists.

agila@LAPTOP-BBVGP9J1 MINGW64 /c/My projects (master)
$ git push -u origin master

Unhandled Exception: System.ComponentModel.Win32Exception: Invalid window handle
   at MS.Win32.ManagedWndProcTracker.HookUpDefWindowProc(IntPtr hwnd)
   at MS.Win32.ManagedWndProcTracker.OnAppDomainProcessExit()
   at MS.Internal.ShutDownListener.HandleShutDown(Object sender, EventArgs e)
Enumerating objects: 4, done.
Counting objects: 100% (4/4), done.
Delta compression using up to 8 threads
Compressing objects: 100% (3/3), done.
Writing objects: 100% (4/4), 652 bytes | 652.00 KiB/s, done.
Total 4 (delta 0), reused 0 (delta 0), pack-reused 0
To https://github.com/agilandesvari/my-git.git




